// Jest Snapshot v1, https://goo.gl/fbAQLP

exports[`Gift renders correctly 1`] = `
<div
  className="gift"
>
  <form
    className=""
  >
    <div
      className="form-group"
    >
      <label
        className="form-label"
      >
        Person
      </label>
      <input
        className="input-person form-control"
        onChange={[Function]}
        placeHolder="Enter name of recipient here"
      />
    </div>
    <div
      className="form-group"
    >
      <label
        className="form-label"
      >
        Present
      </label>
      <input
        className="input-present form-control"
        onChange={[Function]}
        placeHolder="Enter your planned gift here"
      />
    </div>
  </form>
  <button
    className="btn-remove btn btn-primary"
    disabled={false}
    onClick={[Function]}
    type="button"
  >
    Remove Gift
  </button>
</div>
`;
